undefined
hello bob
hello bob
hello bob
hello bob
hello bob
undefined is cool
undefined
undefined
5undefinedundefined

